// Jest Snapshot v1, https://goo.gl/fbAQLP

exports[`App component renders App 1`] = `
<DocumentFragment>
  <ul>
    <li
      class="Post"
    >
      <div
        class="Votes"
      >
        <img
          alt="upvote"
          class="upvote"
          src="https://external-content.duckduckgo.com/iu/?u=https%3A%2F%2Fi.imgur.com%2FF2ae3hB.png&f=1&nofb=1"
        />
        <span>
          234
        </span>
        <img
          alt="downvote"
          class="downvote"
          src="https://external-content.duckduckgo.com/iu/?u=https%3A%2F%2Fi.ibb.co%2FThJGcGv%2FDownvote.png&f=1&nofb=1"
        />
      </div>
      <div
        class="Thumbnail"
      >
        <img
          alt=""
          src="https://external-content.duckduckgo.com/iu/?u=https%3A%2F%2Fs3.amazonaws.com%2FFringeBucket%2Fimage_placeholder.png&f=1&nofb=1"
        />
      </div>
      <div
        class="PostDetails"
      >
        <div
          class="top"
        >
          <div
            class="title"
          >
            <a
              href="https://www.reddit.com/r/reactjs/comments/mvdi1x/feel_like_quitting/"
              target="_blank"
            >
              Feel like quitting
            </a>
            <span
              class="domain"
            >
              self.reactjs
            </span>
          </div>
        </div>
        <div
          class="middle"
        >
          <span>
            submitted 43 minutes ago by  
            <a
              class="author"
              href="https://reddit.com/user/Michael-susey"
              target="_blank"
            >
              Michael-susey
            </a>
          </span>
        </div>
        <div
          class="bottom"
        >
          <span>
            152 comments
          </span>
          <span>
            share
          </span>
          <span>
            save
          </span>
          <span>
            report
          </span>
          <span>
            pocket
          </span>
        </div>
      </div>
    </li>
  </ul>
  <ul>
    <li
      class="Post"
    >
      <div
        class="Votes"
      >
        <img
          alt="upvote"
          class="upvote"
          src="https://external-content.duckduckgo.com/iu/?u=https%3A%2F%2Fi.imgur.com%2FF2ae3hB.png&f=1&nofb=1"
        />
        <span>
          98
        </span>
        <img
          alt="downvote"
          class="downvote"
          src="https://external-content.duckduckgo.com/iu/?u=https%3A%2F%2Fi.ibb.co%2FThJGcGv%2FDownvote.png&f=1&nofb=1"
        />
      </div>
      <div
        class="Thumbnail"
      >
        <img
          alt=""
          src="https://b.thumbs.redditmedia.com/qdYgVP4xqAovUHS1rEJ73UM9435B_8pk0_TLW-GjOCY.jpg"
        />
      </div>
      <div
        class="PostDetails"
      >
        <div
          class="top"
        >
          <div
            class="title"
          >
            <a
              href="https://medium.com/litslink/react-js-adding-eslint-with-prettier-husky-git-hook-480ad39e65e9"
              target="_blank"
            >
              How to add ESlint, Prettier, and Husky (Git Hook) to your React application
            </a>
            <span
              class="domain"
            >
              medium.com
            </span>
          </div>
        </div>
        <div
          class="middle"
        >
          <span>
            submitted 44 minutes ago by  
            <a
              class="author"
              href="https://reddit.com/user/Nemrosim"
              target="_blank"
            >
              Nemrosim
            </a>
          </span>
        </div>
        <div
          class="bottom"
        >
          <span>
            9 comments
          </span>
          <span>
            share
          </span>
          <span>
            save
          </span>
          <span>
            report
          </span>
          <span>
            pocket
          </span>
        </div>
      </div>
    </li>
  </ul>
  <ul>
    <li
      class="Post"
    >
      <div
        class="Votes"
      >
        <img
          alt="upvote"
          class="upvote"
          src="https://external-content.duckduckgo.com/iu/?u=https%3A%2F%2Fi.imgur.com%2FF2ae3hB.png&f=1&nofb=1"
        />
        <span>
          83
        </span>
        <img
          alt="downvote"
          class="downvote"
          src="https://external-content.duckduckgo.com/iu/?u=https%3A%2F%2Fi.ibb.co%2FThJGcGv%2FDownvote.png&f=1&nofb=1"
        />
      </div>
      <div
        class="Thumbnail"
      >
        <img
          alt=""
          src="https://external-content.duckduckgo.com/iu/?u=https%3A%2F%2Fs3.amazonaws.com%2FFringeBucket%2Fimage_placeholder.png&f=1&nofb=1"
        />
      </div>
      <div
        class="PostDetails"
      >
        <div
          class="top"
        >
          <div
            class="title"
          >
            <a
              href="https://www.reddit.com/r/reactjs/comments/mw03y8/til_you_no_longer_have_to_eject_cra_to_customize/"
              target="_blank"
            >
              TIL you no longer have to eject CRA to customize the build path
            </a>
            <span
              class="domain"
            >
              self.reactjs
            </span>
          </div>
        </div>
        <div
          class="middle"
        >
          <span>
            submitted 45 minutes ago by  
            <a
              class="author"
              href="https://reddit.com/user/lifeeraser"
              target="_blank"
            >
              lifeeraser
            </a>
          </span>
        </div>
        <div
          class="bottom"
        >
          <span>
            14 comments
          </span>
          <span>
            share
          </span>
          <span>
            save
          </span>
          <span>
            report
          </span>
          <span>
            pocket
          </span>
        </div>
      </div>
    </li>
  </ul>
  <ul>
    <li
      class="Post"
    >
      <div
        class="Votes"
      >
        <img
          alt="upvote"
          class="upvote"
          src="https://external-content.duckduckgo.com/iu/?u=https%3A%2F%2Fi.imgur.com%2FF2ae3hB.png&f=1&nofb=1"
        />
        <span>
          25
        </span>
        <img
          alt="downvote"
          class="downvote"
          src="https://external-content.duckduckgo.com/iu/?u=https%3A%2F%2Fi.ibb.co%2FThJGcGv%2FDownvote.png&f=1&nofb=1"
        />
      </div>
      <div
        class="Thumbnail"
      >
        <img
          alt=""
          src="https://b.thumbs.redditmedia.com/TKp8RYHrNGqWNGljQSQPbcZ1v4KLAd6FmsTpvnln4Hg.jpg"
        />
      </div>
      <div
        class="PostDetails"
      >
        <div
          class="top"
        >
          <div
            class="title"
          >
            <a
              href="https://blog.6nok.org/the-suspense-is-killing-me:-part-1/"
              target="_blank"
            >
              The Suspense is Killing Me: Part 1
            </a>
            <span
              class="domain"
            >
              blog.6nok.org
            </span>
          </div>
        </div>
        <div
          class="middle"
        >
          <span>
            submitted 44 minutes ago by  
            <a
              class="author"
              href="https://reddit.com/user/frontsideair"
              target="_blank"
            >
              frontsideair
            </a>
          </span>
        </div>
        <div
          class="bottom"
        >
          <span>
            6 comments
          </span>
          <span>
            share
          </span>
          <span>
            save
          </span>
          <span>
            report
          </span>
          <span>
            pocket
          </span>
        </div>
      </div>
    </li>
  </ul>
  <ul>
    <li
      class="Post"
    >
      <div
        class="Votes"
      >
        <img
          alt="upvote"
          class="upvote"
          src="https://external-content.duckduckgo.com/iu/?u=https%3A%2F%2Fi.imgur.com%2FF2ae3hB.png&f=1&nofb=1"
        />
        <span>
          21
        </span>
        <img
          alt="downvote"
          class="downvote"
          src="https://external-content.duckduckgo.com/iu/?u=https%3A%2F%2Fi.ibb.co%2FThJGcGv%2FDownvote.png&f=1&nofb=1"
        />
      </div>
      <div
        class="Thumbnail"
      >
        <img
          alt=""
          src="https://b.thumbs.redditmedia.com/jg6maIv7aPLXhdFCPUJlSVKNXPvG2Rlt_opaQ0ONDaY.jpg"
        />
      </div>
      <div
        class="PostDetails"
      >
        <div
          class="top"
        >
          <div
            class="title"
          >
            <a
              href="https://javascript.works-hub.com/learn/a-complete-beginners-guide-to-usereducer-hook-f4a78?utm_source=reddit&amp;utm_medium=affiliates&amp;utm_campaign=javascriptworks-blog-post"
              target="_blank"
            >
              A Complete Beginner's Guide to useReducer Hook
            </a>
            <span
              class="domain"
            >
              javascript.works-hub.com
            </span>
          </div>
        </div>
        <div
          class="middle"
        >
          <span>
            submitted 44 minutes ago by  
            <a
              class="author"
              href="https://reddit.com/user/mihaela_workshub"
              target="_blank"
            >
              mihaela_workshub
            </a>
          </span>
        </div>
        <div
          class="bottom"
        >
          <span>
            0 comments
          </span>
          <span>
            share
          </span>
          <span>
            save
          </span>
          <span>
            report
          </span>
          <span>
            pocket
          </span>
        </div>
      </div>
    </li>
  </ul>
  <ul>
    <li
      class="Post"
    >
      <div
        class="Votes"
      >
        <img
          alt="upvote"
          class="upvote"
          src="https://external-content.duckduckgo.com/iu/?u=https%3A%2F%2Fi.imgur.com%2FF2ae3hB.png&f=1&nofb=1"
        />
        <span>
          17
        </span>
        <img
          alt="downvote"
          class="downvote"
          src="https://external-content.duckduckgo.com/iu/?u=https%3A%2F%2Fi.ibb.co%2FThJGcGv%2FDownvote.png&f=1&nofb=1"
        />
      </div>
      <div
        class="Thumbnail"
      >
        <img
          alt=""
          src="https://b.thumbs.redditmedia.com/kgopta_GlLBlNdtnVBWlgjPw9wKub6SKtwEfQh_D3Vw.jpg"
        />
      </div>
      <div
        class="PostDetails"
      >
        <div
          class="top"
        >
          <div
            class="title"
          >
            <a
              href="https://www.smashingmagazine.com/2021/04/incremental-static-regeneration-nextjs/"
              target="_blank"
            >
              A Complete Guide To Incremental Static Regeneration (ISR) With Next.js
            </a>
            <span
              class="domain"
            >
              smashingmagazine.com
            </span>
          </div>
        </div>
        <div
          class="middle"
        >
          <span>
            submitted 45 minutes ago by  
            <a
              class="author"
              href="https://reddit.com/user/lrobinson2011"
              target="_blank"
            >
              lrobinson2011
            </a>
          </span>
        </div>
        <div
          class="bottom"
        >
          <span>
            5 comments
          </span>
          <span>
            share
          </span>
          <span>
            save
          </span>
          <span>
            report
          </span>
          <span>
            pocket
          </span>
        </div>
      </div>
    </li>
  </ul>
  <ul>
    <li
      class="Post"
    >
      <div
        class="Votes"
      >
        <img
          alt="upvote"
          class="upvote"
          src="https://external-content.duckduckgo.com/iu/?u=https%3A%2F%2Fi.imgur.com%2FF2ae3hB.png&f=1&nofb=1"
        />
        <span>
          14
        </span>
        <img
          alt="downvote"
          class="downvote"
          src="https://external-content.duckduckgo.com/iu/?u=https%3A%2F%2Fi.ibb.co%2FThJGcGv%2FDownvote.png&f=1&nofb=1"
        />
      </div>
      <div
        class="Thumbnail"
      >
        <img
          alt=""
          src="https://external-content.duckduckgo.com/iu/?u=https%3A%2F%2Fs3.amazonaws.com%2FFringeBucket%2Fimage_placeholder.png&f=1&nofb=1"
        />
      </div>
      <div
        class="PostDetails"
      >
        <div
          class="top"
        >
          <div
            class="title"
          >
            <a
              href="https://www.reddit.com/r/reactjs/comments/mhp5gu/beginners_thread_easy_questions_april_2021/"
              target="_blank"
            >
              Beginner's Thread / Easy Questions (April 2021)
            </a>
            <span
              class="domain"
            >
              self.reactjs
            </span>
          </div>
        </div>
        <div
          class="middle"
        >
          <span>
            submitted 14 minutes ago by  
            <a
              class="author"
              href="https://reddit.com/user/dance2die"
              target="_blank"
            >
              dance2die
            </a>
          </span>
        </div>
        <div
          class="bottom"
        >
          <span>
            187 comments
          </span>
          <span>
            share
          </span>
          <span>
            save
          </span>
          <span>
            report
          </span>
          <span>
            pocket
          </span>
        </div>
      </div>
    </li>
  </ul>
  <ul>
    <li
      class="Post"
    >
      <div
        class="Votes"
      >
        <img
          alt="upvote"
          class="upvote"
          src="https://external-content.duckduckgo.com/iu/?u=https%3A%2F%2Fi.imgur.com%2FF2ae3hB.png&f=1&nofb=1"
        />
        <span>
          7
        </span>
        <img
          alt="downvote"
          class="downvote"
          src="https://external-content.duckduckgo.com/iu/?u=https%3A%2F%2Fi.ibb.co%2FThJGcGv%2FDownvote.png&f=1&nofb=1"
        />
      </div>
      <div
        class="Thumbnail"
      >
        <img
          alt=""
          src="https://external-content.duckduckgo.com/iu/?u=https%3A%2F%2Fs3.amazonaws.com%2FFringeBucket%2Fimage_placeholder.png&f=1&nofb=1"
        />
      </div>
      <div
        class="PostDetails"
      >
        <div
          class="top"
        >
          <div
            class="title"
          >
            <a
              href="https://www.reddit.com/r/reactjs/comments/mvszx5/completed_my_first_project_a_ticket_booking/"
              target="_blank"
            >
              Completed My First Project! A Ticket Booking Application. Would love any feedback and suggestions. Project Link: https://ticket-booking-app1.netlify.app/
            </a>
            <span
              class="domain"
            >
              self.reactjs
            </span>
          </div>
        </div>
        <div
          class="middle"
        >
          <span>
            submitted 44 minutes ago by  
            <a
              class="author"
              href="https://reddit.com/user/Tendies4lyf"
              target="_blank"
            >
              Tendies4lyf
            </a>
          </span>
        </div>
        <div
          class="bottom"
        >
          <span>
            5 comments
          </span>
          <span>
            share
          </span>
          <span>
            save
          </span>
          <span>
            report
          </span>
          <span>
            pocket
          </span>
        </div>
      </div>
    </li>
  </ul>
  <ul>
    <li
      class="Post"
    >
      <div
        class="Votes"
      >
        <img
          alt="upvote"
          class="upvote"
          src="https://external-content.duckduckgo.com/iu/?u=https%3A%2F%2Fi.imgur.com%2FF2ae3hB.png&f=1&nofb=1"
        />
        <span>
          6
        </span>
        <img
          alt="downvote"
          class="downvote"
          src="https://external-content.duckduckgo.com/iu/?u=https%3A%2F%2Fi.ibb.co%2FThJGcGv%2FDownvote.png&f=1&nofb=1"
        />
      </div>
      <div
        class="Thumbnail"
      >
        <img
          alt=""
          src="https://b.thumbs.redditmedia.com/3qvOSdfN65oRa8tbOTjaEL9sPgMar0_bDghhf436HDI.jpg"
        />
      </div>
      <div
        class="PostDetails"
      >
        <div
          class="top"
        >
          <div
            class="title"
          >
            <a
              href="https://medium.com/litslink/react-dnd-in-examples-ce509b25839d"
              target="_blank"
            >
              React DnD in Examples
            </a>
            <span
              class="domain"
            >
              medium.com
            </span>
          </div>
        </div>
        <div
          class="middle"
        >
          <span>
            submitted 44 minutes ago by  
            <a
              class="author"
              href="https://reddit.com/user/Nemrosim"
              target="_blank"
            >
              Nemrosim
            </a>
          </span>
        </div>
        <div
          class="bottom"
        >
          <span>
            5 comments
          </span>
          <span>
            share
          </span>
          <span>
            save
          </span>
          <span>
            report
          </span>
          <span>
            pocket
          </span>
        </div>
      </div>
    </li>
  </ul>
  <ul>
    <li
      class="Post"
    >
      <div
        class="Votes"
      >
        <img
          alt="upvote"
          class="upvote"
          src="https://external-content.duckduckgo.com/iu/?u=https%3A%2F%2Fi.imgur.com%2FF2ae3hB.png&f=1&nofb=1"
        />
        <span>
          6
        </span>
        <img
          alt="downvote"
          class="downvote"
          src="https://external-content.duckduckgo.com/iu/?u=https%3A%2F%2Fi.ibb.co%2FThJGcGv%2FDownvote.png&f=1&nofb=1"
        />
      </div>
      <div
        class="Thumbnail"
      >
        <img
          alt=""
          src="https://b.thumbs.redditmedia.com/aNwts7Z5JdxVwQfiCgwO1fxWMNyeFFCkcfpD9sUbzbQ.jpg"
        />
      </div>
      <div
        class="PostDetails"
      >
        <div
          class="top"
        >
          <div
            class="title"
          >
            <a
              href="https://blog.meetupfeed.io/react-meetup-videos-march-2021/"
              target="_blank"
            >
              Top 5 React and React Native meetup videos from March, 2021
            </a>
            <span
              class="domain"
            >
              blog.meetupfeed.io
            </span>
          </div>
        </div>
        <div
          class="middle"
        >
          <span>
            submitted 45 minutes ago by  
            <a
              class="author"
              href="https://reddit.com/user/MeetupFeed"
              target="_blank"
            >
              MeetupFeed
            </a>
          </span>
        </div>
        <div
          class="bottom"
        >
          <span>
            1 comments
          </span>
          <span>
            share
          </span>
          <span>
            save
          </span>
          <span>
            report
          </span>
          <span>
            pocket
          </span>
        </div>
      </div>
    </li>
  </ul>
  <ul>
    <li
      class="Post"
    >
      <div
        class="Votes"
      >
        <img
          alt="upvote"
          class="upvote"
          src="https://external-content.duckduckgo.com/iu/?u=https%3A%2F%2Fi.imgur.com%2FF2ae3hB.png&f=1&nofb=1"
        />
        <span>
          6
        </span>
        <img
          alt="downvote"
          class="downvote"
          src="https://external-content.duckduckgo.com/iu/?u=https%3A%2F%2Fi.ibb.co%2FThJGcGv%2FDownvote.png&f=1&nofb=1"
        />
      </div>
      <div
        class="Thumbnail"
      >
        <img
          alt=""
          src="https://external-content.duckduckgo.com/iu/?u=https%3A%2F%2Fs3.amazonaws.com%2FFringeBucket%2Fimage_placeholder.png&f=1&nofb=1"
        />
      </div>
      <div
        class="PostDetails"
      >
        <div
          class="top"
        >
          <div
            class="title"
          >
            <a
              href="https://www.reddit.com/r/reactjs/comments/mw5tob/my_final_year_mern_stack_project_online/"
              target="_blank"
            >
              My final year MERN stack project - Online Auditorium and Turf Booking System
            </a>
            <span
              class="domain"
            >
              self.reactjs
            </span>
          </div>
        </div>
        <div
          class="middle"
        >
          <span>
            submitted 45 minutes ago by  
            <a
              class="author"
              href="https://reddit.com/user/shahpreetk"
              target="_blank"
            >
              shahpreetk
            </a>
          </span>
        </div>
        <div
          class="bottom"
        >
          <span>
            0 comments
          </span>
          <span>
            share
          </span>
          <span>
            save
          </span>
          <span>
            report
          </span>
          <span>
            pocket
          </span>
        </div>
      </div>
    </li>
  </ul>
  <ul>
    <li
      class="Post"
    >
      <div
        class="Votes"
      >
        <img
          alt="upvote"
          class="upvote"
          src="https://external-content.duckduckgo.com/iu/?u=https%3A%2F%2Fi.imgur.com%2FF2ae3hB.png&f=1&nofb=1"
        />
        <span>
          3
        </span>
        <img
          alt="downvote"
          class="downvote"
          src="https://external-content.duckduckgo.com/iu/?u=https%3A%2F%2Fi.ibb.co%2FThJGcGv%2FDownvote.png&f=1&nofb=1"
        />
      </div>
      <div
        class="Thumbnail"
      >
        <img
          alt=""
          src="https://external-content.duckduckgo.com/iu/?u=https%3A%2F%2Fs3.amazonaws.com%2FFringeBucket%2Fimage_placeholder.png&f=1&nofb=1"
        />
      </div>
      <div
        class="PostDetails"
      >
        <div
          class="top"
        >
          <div
            class="title"
          >
            <a
              href="https://www.reddit.com/r/reactjs/comments/ms1wlp/whos_available_april_2021/"
              target="_blank"
            >
              Who's Available? [April 2021]
            </a>
            <span
              class="domain"
            >
              self.reactjs
            </span>
          </div>
        </div>
        <div
          class="middle"
        >
          <span>
            submitted 36 minutes ago by  
            <a
              class="author"
              href="https://reddit.com/user/dance2die"
              target="_blank"
            >
              dance2die
            </a>
          </span>
        </div>
        <div
          class="bottom"
        >
          <span>
            4 comments
          </span>
          <span>
            share
          </span>
          <span>
            save
          </span>
          <span>
            report
          </span>
          <span>
            pocket
          </span>
        </div>
      </div>
    </li>
  </ul>
  <ul>
    <li
      class="Post"
    >
      <div
        class="Votes"
      >
        <img
          alt="upvote"
          class="upvote"
          src="https://external-content.duckduckgo.com/iu/?u=https%3A%2F%2Fi.imgur.com%2FF2ae3hB.png&f=1&nofb=1"
        />
        <span>
          2
        </span>
        <img
          alt="downvote"
          class="downvote"
          src="https://external-content.duckduckgo.com/iu/?u=https%3A%2F%2Fi.ibb.co%2FThJGcGv%2FDownvote.png&f=1&nofb=1"
        />
      </div>
      <div
        class="Thumbnail"
      >
        <img
          alt=""
          src="https://external-content.duckduckgo.com/iu/?u=https%3A%2F%2Fs3.amazonaws.com%2FFringeBucket%2Fimage_placeholder.png&f=1&nofb=1"
        />
      </div>
      <div
        class="PostDetails"
      >
        <div
          class="top"
        >
          <div
            class="title"
          >
            <a
              href="https://www.reddit.com/r/reactjs/comments/mw0a5s/feature_creeping_and_architecture/"
              target="_blank"
            >
              Feature creeping and architecture
            </a>
            <span
              class="domain"
            >
              self.reactjs
            </span>
          </div>
        </div>
        <div
          class="middle"
        >
          <span>
            submitted 45 minutes ago by  
            <a
              class="author"
              href="https://reddit.com/user/Gurnberble"
              target="_blank"
            >
              Gurnberble
            </a>
          </span>
        </div>
        <div
          class="bottom"
        >
          <span>
            0 comments
          </span>
          <span>
            share
          </span>
          <span>
            save
          </span>
          <span>
            report
          </span>
          <span>
            pocket
          </span>
        </div>
      </div>
    </li>
  </ul>
  <ul>
    <li
      class="Post"
    >
      <div
        class="Votes"
      >
        <img
          alt="upvote"
          class="upvote"
          src="https://external-content.duckduckgo.com/iu/?u=https%3A%2F%2Fi.imgur.com%2FF2ae3hB.png&f=1&nofb=1"
        />
        <span>
          1
        </span>
        <img
          alt="downvote"
          class="downvote"
          src="https://external-content.duckduckgo.com/iu/?u=https%3A%2F%2Fi.ibb.co%2FThJGcGv%2FDownvote.png&f=1&nofb=1"
        />
      </div>
      <div
        class="Thumbnail"
      >
        <img
          alt=""
          src="https://external-content.duckduckgo.com/iu/?u=https%3A%2F%2Fs3.amazonaws.com%2FFringeBucket%2Fimage_placeholder.png&f=1&nofb=1"
        />
      </div>
      <div
        class="PostDetails"
      >
        <div
          class="top"
        >
          <div
            class="title"
          >
            <a
              href="https://www.reddit.com/r/reactjs/comments/mvy295/extending_cras_eslint_configuration/"
              target="_blank"
            >
              Extending CRA's ESLint configuration
            </a>
            <span
              class="domain"
            >
              self.reactjs
            </span>
          </div>
        </div>
        <div
          class="middle"
        >
          <span>
            submitted 44 minutes ago by  
            <a
              class="author"
              href="https://reddit.com/user/lookingforagiftt"
              target="_blank"
            >
              lookingforagiftt
            </a>
          </span>
        </div>
        <div
          class="bottom"
        >
          <span>
            3 comments
          </span>
          <span>
            share
          </span>
          <span>
            save
          </span>
          <span>
            report
          </span>
          <span>
            pocket
          </span>
        </div>
      </div>
    </li>
  </ul>
  <ul>
    <li
      class="Post"
    >
      <div
        class="Votes"
      >
        <img
          alt="upvote"
          class="upvote"
          src="https://external-content.duckduckgo.com/iu/?u=https%3A%2F%2Fi.imgur.com%2FF2ae3hB.png&f=1&nofb=1"
        />
        <span>
          1
        </span>
        <img
          alt="downvote"
          class="downvote"
          src="https://external-content.duckduckgo.com/iu/?u=https%3A%2F%2Fi.ibb.co%2FThJGcGv%2FDownvote.png&f=1&nofb=1"
        />
      </div>
      <div
        class="Thumbnail"
      >
        <img
          alt=""
          src="default"
        />
      </div>
      <div
        class="PostDetails"
      >
        <div
          class="top"
        >
          <div
            class="title"
          >
            <a
              href="https://reedbarger.hashnode.dev/deploy-react-apps-cloudflare-pages"
              target="_blank"
            >
              How to Auto-Deploy Your React Apps with Cloudflare Pages
            </a>
            <span
              class="domain"
            >
              reedbarger.hashnode.dev
            </span>
          </div>
        </div>
        <div
          class="middle"
        >
          <span>
            submitted 45 minutes ago by  
            <a
              class="author"
              href="https://reddit.com/user/cheerfulboy"
              target="_blank"
            >
              cheerfulboy
            </a>
          </span>
        </div>
        <div
          class="bottom"
        >
          <span>
            0 comments
          </span>
          <span>
            share
          </span>
          <span>
            save
          </span>
          <span>
            report
          </span>
          <span>
            pocket
          </span>
        </div>
      </div>
    </li>
  </ul>
  <ul>
    <li
      class="Post"
    >
      <div
        class="Votes"
      >
        <img
          alt="upvote"
          class="upvote"
          src="https://external-content.duckduckgo.com/iu/?u=https%3A%2F%2Fi.imgur.com%2FF2ae3hB.png&f=1&nofb=1"
        />
        <span>
          1
        </span>
        <img
          alt="downvote"
          class="downvote"
          src="https://external-content.duckduckgo.com/iu/?u=https%3A%2F%2Fi.ibb.co%2FThJGcGv%2FDownvote.png&f=1&nofb=1"
        />
      </div>
      <div
        class="Thumbnail"
      >
        <img
          alt=""
          src="https://external-content.duckduckgo.com/iu/?u=https%3A%2F%2Fs3.amazonaws.com%2FFringeBucket%2Fimage_placeholder.png&f=1&nofb=1"
        />
      </div>
      <div
        class="PostDetails"
      >
        <div
          class="top"
        >
          <div
            class="title"
          >
            <a
              href="https://www.reddit.com/r/reactjs/comments/mw0er0/how_do_i_animate_conditional_classname_changes/"
              target="_blank"
            >
              How do I animate conditional className changes?
            </a>
            <span
              class="domain"
            >
              self.reactjs
            </span>
          </div>
        </div>
        <div
          class="middle"
        >
          <span>
            submitted 45 minutes ago by  
            <a
              class="author"
              href="https://reddit.com/user/BollickPorridge"
              target="_blank"
            >
              BollickPorridge
            </a>
          </span>
        </div>
        <div
          class="bottom"
        >
          <span>
            6 comments
          </span>
          <span>
            share
          </span>
          <span>
            save
          </span>
          <span>
            report
          </span>
          <span>
            pocket
          </span>
        </div>
      </div>
    </li>
  </ul>
  <ul>
    <li
      class="Post"
    >
      <div
        class="Votes"
      >
        <img
          alt="upvote"
          class="upvote"
          src="https://external-content.duckduckgo.com/iu/?u=https%3A%2F%2Fi.imgur.com%2FF2ae3hB.png&f=1&nofb=1"
        />
        <span>
          1
        </span>
        <img
          alt="downvote"
          class="downvote"
          src="https://external-content.duckduckgo.com/iu/?u=https%3A%2F%2Fi.ibb.co%2FThJGcGv%2FDownvote.png&f=1&nofb=1"
        />
      </div>
      <div
        class="Thumbnail"
      >
        <img
          alt=""
          src="https://external-content.duckduckgo.com/iu/?u=https%3A%2F%2Fs3.amazonaws.com%2FFringeBucket%2Fimage_placeholder.png&f=1&nofb=1"
        />
      </div>
      <div
        class="PostDetails"
      >
        <div
          class="top"
        >
          <div
            class="title"
          >
            <a
              href="https://www.reddit.com/r/reactjs/comments/mw112q/usecallback_for_functions_that_render_nodes/"
              target="_blank"
            >
              useCallback for functions that render nodes?
            </a>
            <span
              class="domain"
            >
              self.reactjs
            </span>
          </div>
        </div>
        <div
          class="middle"
        >
          <span>
            submitted 45 minutes ago by  
            <a
              class="author"
              href="https://reddit.com/user/yorutamashi"
              target="_blank"
            >
              yorutamashi
            </a>
          </span>
        </div>
        <div
          class="bottom"
        >
          <span>
            8 comments
          </span>
          <span>
            share
          </span>
          <span>
            save
          </span>
          <span>
            report
          </span>
          <span>
            pocket
          </span>
        </div>
      </div>
    </li>
  </ul>
  <ul>
    <li
      class="Post"
    >
      <div
        class="Votes"
      >
        <img
          alt="upvote"
          class="upvote"
          src="https://external-content.duckduckgo.com/iu/?u=https%3A%2F%2Fi.imgur.com%2FF2ae3hB.png&f=1&nofb=1"
        />
        <span>
          1
        </span>
        <img
          alt="downvote"
          class="downvote"
          src="https://external-content.duckduckgo.com/iu/?u=https%3A%2F%2Fi.ibb.co%2FThJGcGv%2FDownvote.png&f=1&nofb=1"
        />
      </div>
      <div
        class="Thumbnail"
      >
        <img
          alt=""
          src="https://external-content.duckduckgo.com/iu/?u=https%3A%2F%2Fs3.amazonaws.com%2FFringeBucket%2Fimage_placeholder.png&f=1&nofb=1"
        />
      </div>
      <div
        class="PostDetails"
      >
        <div
          class="top"
        >
          <div
            class="title"
          >
            <a
              href="https://www.reddit.com/r/reactjs/comments/mw1tw5/run_middleware_after_state_change_reduxtoolkit/"
              target="_blank"
            >
              Run middleware after state change (redux-toolkit, redux-saga)
            </a>
            <span
              class="domain"
            >
              self.reactjs
            </span>
          </div>
        </div>
        <div
          class="middle"
        >
          <span>
            submitted 45 minutes ago by  
            <a
              class="author"
              href="https://reddit.com/user/johnoozoo"
              target="_blank"
            >
              johnoozoo
            </a>
          </span>
        </div>
        <div
          class="bottom"
        >
          <span>
            2 comments
          </span>
          <span>
            share
          </span>
          <span>
            save
          </span>
          <span>
            report
          </span>
          <span>
            pocket
          </span>
        </div>
      </div>
    </li>
  </ul>
  <ul>
    <li
      class="Post"
    >
      <div
        class="Votes"
      >
        <img
          alt="upvote"
          class="upvote"
          src="https://external-content.duckduckgo.com/iu/?u=https%3A%2F%2Fi.imgur.com%2FF2ae3hB.png&f=1&nofb=1"
        />
        <span>
          1
        </span>
        <img
          alt="downvote"
          class="downvote"
          src="https://external-content.duckduckgo.com/iu/?u=https%3A%2F%2Fi.ibb.co%2FThJGcGv%2FDownvote.png&f=1&nofb=1"
        />
      </div>
      <div
        class="Thumbnail"
      >
        <img
          alt=""
          src="https://external-content.duckduckgo.com/iu/?u=https%3A%2F%2Fs3.amazonaws.com%2FFringeBucket%2Fimage_placeholder.png&f=1&nofb=1"
        />
      </div>
      <div
        class="PostDetails"
      >
        <div
          class="top"
        >
          <div
            class="title"
          >
            <a
              href="https://www.reddit.com/r/reactjs/comments/mw1w2x/blank_page_in_production_build/"
              target="_blank"
            >
              Blank page in Production build
            </a>
            <span
              class="domain"
            >
              self.reactjs
            </span>
          </div>
        </div>
        <div
          class="middle"
        >
          <span>
            submitted 45 minutes ago by  
            <a
              class="author"
              href="https://reddit.com/user/ehte92"
              target="_blank"
            >
              ehte92
            </a>
          </span>
        </div>
        <div
          class="bottom"
        >
          <span>
            0 comments
          </span>
          <span>
            share
          </span>
          <span>
            save
          </span>
          <span>
            report
          </span>
          <span>
            pocket
          </span>
        </div>
      </div>
    </li>
  </ul>
  <ul>
    <li
      class="Post"
    >
      <div
        class="Votes"
      >
        <img
          alt="upvote"
          class="upvote"
          src="https://external-content.duckduckgo.com/iu/?u=https%3A%2F%2Fi.imgur.com%2FF2ae3hB.png&f=1&nofb=1"
        />
        <span>
          1
        </span>
        <img
          alt="downvote"
          class="downvote"
          src="https://external-content.duckduckgo.com/iu/?u=https%3A%2F%2Fi.ibb.co%2FThJGcGv%2FDownvote.png&f=1&nofb=1"
        />
      </div>
      <div
        class="Thumbnail"
      >
        <img
          alt=""
          src="https://external-content.duckduckgo.com/iu/?u=https%3A%2F%2Fs3.amazonaws.com%2FFringeBucket%2Fimage_placeholder.png&f=1&nofb=1"
        />
      </div>
      <div
        class="PostDetails"
      >
        <div
          class="top"
        >
          <div
            class="title"
          >
            <a
              href="https://www.reddit.com/r/reactjs/comments/mw3tb7/how_to_correctly_change_framermotions_variant/"
              target="_blank"
            >
              How to correctly change framer-motions variant properties in React?
            </a>
            <span
              class="domain"
            >
              self.reactjs
            </span>
          </div>
        </div>
        <div
          class="middle"
        >
          <span>
            submitted 45 minutes ago by  
            <a
              class="author"
              href="https://reddit.com/user/Elementarc"
              target="_blank"
            >
              Elementarc
            </a>
          </span>
        </div>
        <div
          class="bottom"
        >
          <span>
            0 comments
          </span>
          <span>
            share
          </span>
          <span>
            save
          </span>
          <span>
            report
          </span>
          <span>
            pocket
          </span>
        </div>
      </div>
    </li>
  </ul>
  <ul>
    <li
      class="Post"
    >
      <div
        class="Votes"
      >
        <img
          alt="upvote"
          class="upvote"
          src="https://external-content.duckduckgo.com/iu/?u=https%3A%2F%2Fi.imgur.com%2FF2ae3hB.png&f=1&nofb=1"
        />
        <span>
          1
        </span>
        <img
          alt="downvote"
          class="downvote"
          src="https://external-content.duckduckgo.com/iu/?u=https%3A%2F%2Fi.ibb.co%2FThJGcGv%2FDownvote.png&f=1&nofb=1"
        />
      </div>
      <div
        class="Thumbnail"
      >
        <img
          alt=""
          src="https://external-content.duckduckgo.com/iu/?u=https%3A%2F%2Fs3.amazonaws.com%2FFringeBucket%2Fimage_placeholder.png&f=1&nofb=1"
        />
      </div>
      <div
        class="PostDetails"
      >
        <div
          class="top"
        >
          <div
            class="title"
          >
            <a
              href="https://www.reddit.com/r/reactjs/comments/mw4ce2/need_some_guidance_web_mobile/"
              target="_blank"
            >
              Need some guidance. Web + Mobile
            </a>
            <span
              class="domain"
            >
              self.reactjs
            </span>
          </div>
        </div>
        <div
          class="middle"
        >
          <span>
            submitted 45 minutes ago by  
            <a
              class="author"
              href="https://reddit.com/user/sdsd19"
              target="_blank"
            >
              sdsd19
            </a>
          </span>
        </div>
        <div
          class="bottom"
        >
          <span>
            0 comments
          </span>
          <span>
            share
          </span>
          <span>
            save
          </span>
          <span>
            report
          </span>
          <span>
            pocket
          </span>
        </div>
      </div>
    </li>
  </ul>
  <ul>
    <li
      class="Post"
    >
      <div
        class="Votes"
      >
        <img
          alt="upvote"
          class="upvote"
          src="https://external-content.duckduckgo.com/iu/?u=https%3A%2F%2Fi.imgur.com%2FF2ae3hB.png&f=1&nofb=1"
        />
        <span>
          1
        </span>
        <img
          alt="downvote"
          class="downvote"
          src="https://external-content.duckduckgo.com/iu/?u=https%3A%2F%2Fi.ibb.co%2FThJGcGv%2FDownvote.png&f=1&nofb=1"
        />
      </div>
      <div
        class="Thumbnail"
      >
        <img
          alt=""
          src="https://external-content.duckduckgo.com/iu/?u=https%3A%2F%2Fs3.amazonaws.com%2FFringeBucket%2Fimage_placeholder.png&f=1&nofb=1"
        />
      </div>
      <div
        class="PostDetails"
      >
        <div
          class="top"
        >
          <div
            class="title"
          >
            <a
              href="https://www.reddit.com/r/reactjs/comments/mw5va5/a_movie_review_website_built_using_reactjs/"
              target="_blank"
            >
              A movie review website built using ReactJS
            </a>
            <span
              class="domain"
            >
              self.reactjs
            </span>
          </div>
        </div>
        <div
          class="middle"
        >
          <span>
            submitted 45 minutes ago by  
            <a
              class="author"
              href="https://reddit.com/user/theabbiee"
              target="_blank"
            >
              theabbiee
            </a>
          </span>
        </div>
        <div
          class="bottom"
        >
          <span>
            0 comments
          </span>
          <span>
            share
          </span>
          <span>
            save
          </span>
          <span>
            report
          </span>
          <span>
            pocket
          </span>
        </div>
      </div>
    </li>
  </ul>
  <ul>
    <li
      class="Post"
    >
      <div
        class="Votes"
      >
        <img
          alt="upvote"
          class="upvote"
          src="https://external-content.duckduckgo.com/iu/?u=https%3A%2F%2Fi.imgur.com%2FF2ae3hB.png&f=1&nofb=1"
        />
        <span>
          1
        </span>
        <img
          alt="downvote"
          class="downvote"
          src="https://external-content.duckduckgo.com/iu/?u=https%3A%2F%2Fi.ibb.co%2FThJGcGv%2FDownvote.png&f=1&nofb=1"
        />
      </div>
      <div
        class="Thumbnail"
      >
        <img
          alt=""
          src="https://external-content.duckduckgo.com/iu/?u=https%3A%2F%2Fs3.amazonaws.com%2FFringeBucket%2Fimage_placeholder.png&f=1&nofb=1"
        />
      </div>
      <div
        class="PostDetails"
      >
        <div
          class="top"
        >
          <div
            class="title"
          >
            <a
              href="https://www.reddit.com/r/reactjs/comments/mw65js/what_should_i_learn_to_properly_deploy_a/"
              target="_blank"
            >
              What should I learn to properly deploy a production-ready app?
            </a>
            <span
              class="domain"
            >
              self.reactjs
            </span>
          </div>
        </div>
        <div
          class="middle"
        >
          <span>
            submitted 45 minutes ago by  
            <a
              class="author"
              href="https://reddit.com/user/MoonDirector"
              target="_blank"
            >
              MoonDirector
            </a>
          </span>
        </div>
        <div
          class="bottom"
        >
          <span>
            1 comments
          </span>
          <span>
            share
          </span>
          <span>
            save
          </span>
          <span>
            report
          </span>
          <span>
            pocket
          </span>
        </div>
      </div>
    </li>
  </ul>
  <ul>
    <li
      class="Post"
    >
      <div
        class="Votes"
      >
        <img
          alt="upvote"
          class="upvote"
          src="https://external-content.duckduckgo.com/iu/?u=https%3A%2F%2Fi.imgur.com%2FF2ae3hB.png&f=1&nofb=1"
        />
        <span>
          1
        </span>
        <img
          alt="downvote"
          class="downvote"
          src="https://external-content.duckduckgo.com/iu/?u=https%3A%2F%2Fi.ibb.co%2FThJGcGv%2FDownvote.png&f=1&nofb=1"
        />
      </div>
      <div
        class="Thumbnail"
      >
        <img
          alt=""
          src="https://external-content.duckduckgo.com/iu/?u=https%3A%2F%2Fs3.amazonaws.com%2FFringeBucket%2Fimage_placeholder.png&f=1&nofb=1"
        />
      </div>
      <div
        class="PostDetails"
      >
        <div
          class="top"
        >
          <div
            class="title"
          >
            <a
              href="https://www.reddit.com/r/reactjs/comments/mw6t94/createreactapp_with_workbox_doesnt_work_in_safari/"
              target="_blank"
            >
              Create-react-app with workbox doesn't work in safari.
            </a>
            <span
              class="domain"
            >
              self.reactjs
            </span>
          </div>
        </div>
        <div
          class="middle"
        >
          <span>
            submitted 45 minutes ago by  
            <a
              class="author"
              href="https://reddit.com/user/Warm_Giraffe4936"
              target="_blank"
            >
              Warm_Giraffe4936
            </a>
          </span>
        </div>
        <div
          class="bottom"
        >
          <span>
            0 comments
          </span>
          <span>
            share
          </span>
          <span>
            save
          </span>
          <span>
            report
          </span>
          <span>
            pocket
          </span>
        </div>
      </div>
    </li>
  </ul>
  <ul>
    <li
      class="Post"
    >
      <div
        class="Votes"
      >
        <img
          alt="upvote"
          class="upvote"
          src="https://external-content.duckduckgo.com/iu/?u=https%3A%2F%2Fi.imgur.com%2FF2ae3hB.png&f=1&nofb=1"
        />
        <span>
          1
        </span>
        <img
          alt="downvote"
          class="downvote"
          src="https://external-content.duckduckgo.com/iu/?u=https%3A%2F%2Fi.ibb.co%2FThJGcGv%2FDownvote.png&f=1&nofb=1"
        />
      </div>
      <div
        class="Thumbnail"
      >
        <img
          alt=""
          src="https://external-content.duckduckgo.com/iu/?u=https%3A%2F%2Fs3.amazonaws.com%2FFringeBucket%2Fimage_placeholder.png&f=1&nofb=1"
        />
      </div>
      <div
        class="PostDetails"
      >
        <div
          class="top"
        >
          <div
            class="title"
          >
            <a
              href="https://www.reddit.com/r/reactjs/comments/mw7d34/need_to_build_an_allow_block_geololocation/"
              target="_blank"
            >
              Need to build an allow / block geololocation component...please help
            </a>
            <span
              class="domain"
            >
              self.reactjs
            </span>
          </div>
        </div>
        <div
          class="middle"
        >
          <span>
            submitted 45 minutes ago by  
            <a
              class="author"
              href="https://reddit.com/user/jaduffy007"
              target="_blank"
            >
              jaduffy007
            </a>
          </span>
        </div>
        <div
          class="bottom"
        >
          <span>
            1 comments
          </span>
          <span>
            share
          </span>
          <span>
            save
          </span>
          <span>
            report
          </span>
          <span>
            pocket
          </span>
        </div>
      </div>
    </li>
  </ul>
  <ul>
    <li
      class="Post"
    >
      <div
        class="Votes"
      >
        <img
          alt="upvote"
          class="upvote"
          src="https://external-content.duckduckgo.com/iu/?u=https%3A%2F%2Fi.imgur.com%2FF2ae3hB.png&f=1&nofb=1"
        />
        <span>
          1
        </span>
        <img
          alt="downvote"
          class="downvote"
          src="https://external-content.duckduckgo.com/iu/?u=https%3A%2F%2Fi.ibb.co%2FThJGcGv%2FDownvote.png&f=1&nofb=1"
        />
      </div>
      <div
        class="Thumbnail"
      >
        <img
          alt=""
          src="https://external-content.duckduckgo.com/iu/?u=https%3A%2F%2Fs3.amazonaws.com%2FFringeBucket%2Fimage_placeholder.png&f=1&nofb=1"
        />
      </div>
      <div
        class="PostDetails"
      >
        <div
          class="top"
        >
          <div
            class="title"
          >
            <a
              href="https://www.reddit.com/r/reactjs/comments/mw7krj/component_not_retaining_the_last_selected_item/"
              target="_blank"
            >
              component not retaining the last selected item
            </a>
            <span
              class="domain"
            >
              self.reactjs
            </span>
          </div>
        </div>
        <div
          class="middle"
        >
          <span>
            submitted 45 minutes ago by  
            <a
              class="author"
              href="https://reddit.com/user/MindblowingTask"
              target="_blank"
            >
              MindblowingTask
            </a>
          </span>
        </div>
        <div
          class="bottom"
        >
          <span>
            0 comments
          </span>
          <span>
            share
          </span>
          <span>
            save
          </span>
          <span>
            report
          </span>
          <span>
            pocket
          </span>
        </div>
      </div>
    </li>
  </ul>
  <ul>
    <li
      class="Post"
    >
      <div
        class="Votes"
      >
        <img
          alt="upvote"
          class="upvote"
          src="https://external-content.duckduckgo.com/iu/?u=https%3A%2F%2Fi.imgur.com%2FF2ae3hB.png&f=1&nofb=1"
        />
        <span>
          0
        </span>
        <img
          alt="downvote"
          class="downvote"
          src="https://external-content.duckduckgo.com/iu/?u=https%3A%2F%2Fi.ibb.co%2FThJGcGv%2FDownvote.png&f=1&nofb=1"
        />
      </div>
      <div
        class="Thumbnail"
      >
        <img
          alt=""
          src="https://external-content.duckduckgo.com/iu/?u=https%3A%2F%2Fs3.amazonaws.com%2FFringeBucket%2Fimage_placeholder.png&f=1&nofb=1"
        />
      </div>
      <div
        class="PostDetails"
      >
        <div
          class="top"
        >
          <div
            class="title"
          >
            <a
              href="https://www.reddit.com/r/reactjs/comments/mvxmex/api_route_shows_404_error_even_though_i_have_a/"
              target="_blank"
            >
              /api route shows 404 error, even though i have a component for it
            </a>
            <span
              class="domain"
            >
              self.reactjs
            </span>
          </div>
        </div>
        <div
          class="middle"
        >
          <span>
            submitted 44 minutes ago by  
            <a
              class="author"
              href="https://reddit.com/user/Confused_goof"
              target="_blank"
            >
              Confused_goof
            </a>
          </span>
        </div>
        <div
          class="bottom"
        >
          <span>
            2 comments
          </span>
          <span>
            share
          </span>
          <span>
            save
          </span>
          <span>
            report
          </span>
          <span>
            pocket
          </span>
        </div>
      </div>
    </li>
  </ul>
</DocumentFragment>
`;
